2026-04-29 18:07:59,203 - data_preprocessing - DEBUG - Data loaded properly
2026-04-29 18:07:59,203 - data_preprocessing - DEBUG - Starting preprocessing for DataFrame
2026-04-29 18:07:59,204 - data_preprocessing - DEBUG - Target Column encoded
2026-04-29 18:07:59,209 - data_preprocessing - DEBUG - Duplicates removed
2026-04-29 18:08:10,190 - data_preprocessing - DEBUG - Text column transformed
2026-04-29 18:08:10,191 - data_preprocessing - DEBUG - Starting preprocessing for DataFrame
2026-04-29 18:08:10,191 - data_preprocessing - DEBUG - Target Column encoded
2026-04-29 18:08:10,192 - data_preprocessing - DEBUG - Duplicates removed
2026-04-29 18:08:13,058 - data_preprocessing - DEBUG - Text column transformed
2026-04-29 18:08:13,066 - data_preprocessing - DEBUG - Processed data saved to ./data/interim
2026-05-01 14:36:22,099 - data_preprocessing - DEBUG - Data loaded properly
2026-05-01 14:36:22,099 - data_preprocessing - DEBUG - Starting preprocessing for DataFrame
2026-05-01 14:36:22,101 - data_preprocessing - DEBUG - Target Column encoded
2026-05-01 14:36:22,105 - data_preprocessing - DEBUG - Duplicates removed
2026-05-01 14:36:34,695 - data_preprocessing - DEBUG - Text column transformed
2026-05-01 14:36:34,696 - data_preprocessing - DEBUG - Starting preprocessing for DataFrame
2026-05-01 14:36:34,697 - data_preprocessing - DEBUG - Target Column encoded
2026-05-01 14:36:34,698 - data_preprocessing - DEBUG - Duplicates removed
2026-05-01 14:36:37,910 - data_preprocessing - DEBUG - Text column transformed
2026-05-01 14:36:37,918 - data_preprocessing - DEBUG - Processed data saved to ./data/interim
2026-05-01 15:34:56,917 - data_preprocessing - DEBUG - Data loaded properly
2026-05-01 15:34:56,917 - data_preprocessing - DEBUG - Starting preprocessing for DataFrame
2026-05-01 15:34:56,918 - data_preprocessing - DEBUG - Target Column encoded
2026-05-01 15:34:56,922 - data_preprocessing - DEBUG - Duplicates removed
2026-05-01 15:35:10,329 - data_preprocessing - DEBUG - Text column transformed
2026-05-01 15:35:10,329 - data_preprocessing - DEBUG - Starting preprocessing for DataFrame
2026-05-01 15:35:10,330 - data_preprocessing - DEBUG - Target Column encoded
2026-05-01 15:35:10,332 - data_preprocessing - DEBUG - Duplicates removed
2026-05-01 15:35:13,053 - data_preprocessing - DEBUG - Text column transformed
2026-05-01 15:35:13,065 - data_preprocessing - DEBUG - Processed data saved to ./data/interim
